SET
SET
SET
SET
SET
SET
SET
SET
CREATE PROCEDURE
CREATE FUNCTION
CREATE TABLE
INSERT 0 934
INSERT 0 928
INSERT 0 931
INSERT 0 928
INSERT 0 935
INSERT 0 927
INSERT 0 425
CREATE TABLE
INSERT 0 5
CREATE TABLE
INSERT 0 549
INSERT 0 546
INSERT 0 542
INSERT 0 542
INSERT 0 542
INSERT 0 542
INSERT 0 542
INSERT 0 543
INSERT 0 542
INSERT 0 541
INSERT 0 542
INSERT 0 27
CREATE TABLE
INSERT 0 3
CREATE TABLE
INSERT 0 6
CREATE TABLE
CREATE TABLE
CREATE TABLE
INSERT 0 3
CREATE TABLE
INSERT 0 2
CREATE TABLE
INSERT 0 2
CREATE TABLE
INSERT 0 2
CREATE TABLE
CREATE TABLE
CREATE TABLE
INSERT 0 1
CREATE TABLE
INSERT 0 101
CREATE TABLE
CREATE TABLE
CREATE TABLE
INSERT 0 886
INSERT 0 856
INSERT 0 853
INSERT 0 856
INSERT 0 855
INSERT 0 596
CREATE TABLE
INSERT 0 1
CREATE TABLE
INSERT 0 2
CREATE TABLE
INSERT 0 2
CREATE TABLE
INSERT 0 1
CREATE TABLE
INSERT 0 5
CREATE TABLE
INSERT 0 652
INSERT 0 647
INSERT 0 639
INSERT 0 642
INSERT 0 641
INSERT 0 642
INSERT 0 640
INSERT 0 504
CREATE INDEX
CREATE INDEX
CREATE INDEX
CREATE INDEX
CREATE INDEX
CREATE INDEX
psql:/home/polikarmio/Caja_Cordes_SIS/caja_cordes/caja_cordes_pg.sql:22514: ERROR:  la relación «nombre» ya existe
CREATE INDEX
CREATE INDEX
CREATE INDEX
CREATE INDEX
psql:/home/polikarmio/Caja_Cordes_SIS/caja_cordes/caja_cordes_pg.sql:22534: ERROR:  la relación «hc_id» ya existe
CREATE INDEX
CREATE INDEX
CREATE INDEX
CREATE INDEX
psql:/home/polikarmio/Caja_Cordes_SIS/caja_cordes/caja_cordes_pg.sql:22548: ERROR:  la relación «paciente_id» ya existe
CREATE INDEX
CREATE INDEX
CREATE INDEX
CREATE INDEX
CREATE INDEX
CREATE INDEX
CREATE INDEX
psql:/home/polikarmio/Caja_Cordes_SIS/caja_cordes/caja_cordes_pg.sql:22571: ERROR:  la relación «usuario_id» ya existe
CREATE INDEX
psql:/home/polikarmio/Caja_Cordes_SIS/caja_cordes/caja_cordes_pg.sql:22579: ERROR:  la relación «hc_id» ya existe
CREATE INDEX
CREATE INDEX
CREATE INDEX
psql:/home/polikarmio/Caja_Cordes_SIS/caja_cordes/caja_cordes_pg.sql:22592: ERROR:  la relación «nombre» ya existe
CREATE INDEX
CREATE INDEX
ALTER TABLE
ALTER TABLE
ALTER TABLE
ALTER TABLE
psql:/home/polikarmio/Caja_Cordes_SIS/caja_cordes/caja_cordes_pg.sql:22617: ERROR:  no hay restricción unique que coincida con las columnas dadas en la tabla referida «facturas»
ALTER TABLE
ALTER TABLE
ALTER TABLE
ALTER TABLE
ALTER TABLE
ALTER TABLE
ALTER TABLE
ALTER TABLE
ALTER TABLE
ALTER TABLE
ALTER TABLE
ALTER TABLE
ALTER TABLE
ALTER TABLE
ALTER TABLE
ALTER TABLE
ALTER TABLE
ALTER TABLE
ALTER TABLE
ALTER TABLE
CREATE TABLE
CREATE TABLE
CREATE TABLE
CREATE TABLE
CREATE INDEX
CREATE INDEX
psql:/home/polikarmio/Caja_Cordes_SIS/caja_cordes/caja_cordes_pg.sql:22727: ERROR:  no existe la columna «dni»
CREATE INDEX
CREATE FUNCTION
CREATE TRIGGER
 setval 
--------
   6008
(1 fila)

 setval 
--------
      5
(1 fila)

 setval 
--------
   6000
(1 fila)

 setval 
--------
      3
(1 fila)

 setval 
--------
      6
(1 fila)

 setval 
--------
      3
(1 fila)

 setval 
--------
      2
(1 fila)

 setval 
--------
      2
(1 fila)

 setval 
--------
      2
(1 fila)

 setval 
--------
      1
(1 fila)

 setval 
--------
    101
(1 fila)

 setval 
--------
   4902
(1 fila)

 setval 
--------
      1
(1 fila)

 setval 
--------
      2
(1 fila)

 setval 
--------
      1
(1 fila)

 setval 
--------
      5
(1 fila)

 setval 
--------
   5011
(1 fila)

psql:/home/polikarmio/Caja_Cordes_SIS/caja_cordes/caja_cordes_pg.sql:22769: WARNING:  no hay una transacción en curso
COMMIT
